// Vitest Snapshot v1, https://vitest.dev/guide/snapshot.html

exports[`ARC32: app-factory-and-app-client > Errors > Display nice error messages when there is a logic error 2`] = `
"INFO: Idempotently deploying app "TestingApp" from creator ACCOUNT_1 using 1498 bytes of AVM bytecode and 4 bytes of AVM bytecode
INFO: App TestingApp not found in apps created by ACCOUNT_1; deploying app with version 1.0.
VERBOSE: Sent transaction ID TXID_1 appl from ACCOUNT_1
DEBUG: App created by ACCOUNT_1 with ID APP_1 via transaction TXID_1
ERROR: Received error executing Atomic Transaction Composer and debug flag enabled; attempting simulation to get more information | [{"cause":{},"name":"Error","traces":[]}]
ERROR: assert failed pc=885. at:469. Error resolving execution info via simulate in transaction 0: transaction TXID_2: logic eval error: assert failed pc=885. Details: app=APP_1, pc=885, opcodes=proto 0 0; intc_0 // 0; assert

464: // error
465: error_7:
466: proto 0 0
467: intc_0 // 0
468: // Deliberate error
469: assert <--- Error
470: retsub
471: 
472: // create
473: create_8:"
`;
