// Vitest Snapshot v1, https://vitest.dev/guide/snapshot.html

exports[`async-event-emitter > users code would looks like this 1`] = `
[
  "INFO: event_a | [{"hello":"world"}]",
]
`;
